// Jest Snapshot v1, https://goo.gl/fbAQLP

exports[`Introspector Type with scalar lists and existing schema 1`] = `
"type User @pgTable(name: \\"users\\") @relationTable {
  id: Int! @unique
  asked: [Question] @relation(name: \\"question_asked\\")
  answered: [Question] @relation(name: \\"question_answer\\")
}

type Question @pgTable(name: \\"questions\\") @relationTable {
  id: Int! @unique
  asker: User! @pgColumn(name: \\"asker_id\\") @relation(name: \\"question_asked\\")
  answerer: User @pgColumn(name: \\"answerer_id\\") @relation(name: \\"question_answer\\")
}"
`;
